// Jest Snapshot v1, https://goo.gl/fbAQLP

exports[`<Banner /> should render 1`] = `
<div>
  <div
    class="banner-container"
  >
    <video
      autoplay=""
      loop=""
      src="/videos/video.mp4"
    />
    <h1>
      Shoes you've been dreaming of.
    </h1>
    <p>
      Check them right away!
    </p>
    <div
      class="banner-btns"
    >
      <div
        class="btn--mobile"
      >
        <button
          class="btn btn--large btn--outlined"
        >
          PRODUCTS
          <i
            class="fas fa-angle-down"
          />
        </button>
      </div>
    </div>
  </div>
</div>
`;
